Gefunden WinLibs (POSIX threads, UCRT runtime) [BrechtSanders.WinLibs.POSIX.UCRT] Version 16.2.0-14.0.0-r1
Diese Anwendung wird von ihrem Besitzer an Sie lizenziert.
Microsoft ist nicht verantwortlich und erteilt keine Lizenzen für Pakete von Drittanbietern.
Der Installer-Hash wurde erfolgreich überprüft
Archiv wird extrahiert...
Archiv erfolgreich extrahiert
Paketinstallation wird gestartet...
Pfadumgebungsvariable geändert; Starten Sie Ihre Shell neu, um den neuen Wert zu verwenden.
Befehlszeilenalias hinzugefügt: "addr2line"
Befehlszeilenalias hinzugefügt: "ar"
Befehlszeilenalias hinzugefügt: "as"
Befehlszeilenalias hinzugefügt: "bomtool"
Befehlszeilenalias hinzugefügt: "c++"
Befehlszeilenalias hinzugefügt: "c++filt"
Befehlszeilenalias hinzugefügt: "ccache"
Befehlszeilenalias hinzugefügt: "cmake"
Befehlszeilenalias hinzugefügt: "cmcldeps"
Befehlszeilenalias hinzugefügt: "copypedeps"
Befehlszeilenalias hinzugefügt: "cpack"
Befehlszeilenalias hinzugefügt: "cpp"
Befehlszeilenalias hinzugefügt: "cppcheck"
Befehlszeilenalias hinzugefügt: "ctags"
Befehlszeilenalias hinzugefügt: "ctest"
Befehlszeilenalias hinzugefügt: "dlltool"
Befehlszeilenalias hinzugefügt: "dllwrap"
Befehlszeilenalias hinzugefügt: "dos2unix"
Befehlszeilenalias hinzugefügt: "doxygen"
Befehlszeilenalias hinzugefügt: "elfedit"
Befehlszeilenalias hinzugefügt: "g++"
Befehlszeilenalias hinzugefügt: "gcc-ar"
Befehlszeilenalias hinzugefügt: "gcc-nm"
Befehlszeilenalias hinzugefügt: "gcc-ranlib"
Befehlszeilenalias hinzugefügt: "gcc"
Befehlszeilenalias hinzugefügt: "gcov-dump"
Befehlszeilenalias hinzugefügt: "gcov-tool"
Befehlszeilenalias hinzugefügt: "gcov"
Befehlszeilenalias hinzugefügt: "gdb"
Befehlszeilenalias hinzugefügt: "gdbserver"
Befehlszeilenalias hinzugefügt: "gendef"
Befehlszeilenalias hinzugefügt: "genidl"
Befehlszeilenalias hinzugefügt: "gfortran"
Befehlszeilenalias hinzugefügt: "gprof"
Befehlszeilenalias hinzugefügt: "iconv"
Befehlszeilenalias hinzugefügt: "jwasm"
Befehlszeilenalias hinzugefügt: "ld.bfd"
Befehlszeilenalias hinzugefügt: "ld"
Befehlszeilenalias hinzugefügt: "listpedeps"
Befehlszeilenalias hinzugefügt: "lto-dump"
Befehlszeilenalias hinzugefügt: "mac2unix"
Befehlszeilenalias hinzugefügt: "mingw32-make"
Befehlszeilenalias hinzugefügt: "nasm"
Befehlszeilenalias hinzugefügt: "ndisasm"
Befehlszeilenalias hinzugefügt: "ninja"
Befehlszeilenalias hinzugefügt: "nm"
Befehlszeilenalias hinzugefügt: "ntldd"
Befehlszeilenalias hinzugefügt: "objcopy"
Befehlszeilenalias hinzugefügt: "objdump"
Befehlszeilenalias hinzugefügt: "optscript"
Befehlszeilenalias hinzugefügt: "pccritic"
Befehlszeilenalias hinzugefügt: "pexports"
Befehlszeilenalias hinzugefügt: "pkgconf"
Befehlszeilenalias hinzugefügt: "premake5"
Befehlszeilenalias hinzugefügt: "ranlib"
Befehlszeilenalias hinzugefügt: "readelf"
Befehlszeilenalias hinzugefügt: "readtags"
Befehlszeilenalias hinzugefügt: "sarif-replay"
Befehlszeilenalias hinzugefügt: "size"
Befehlszeilenalias hinzugefügt: "spdxtool"
Befehlszeilenalias hinzugefügt: "strings"
Befehlszeilenalias hinzugefügt: "strip"
Befehlszeilenalias hinzugefügt: "unix2dos"
Befehlszeilenalias hinzugefügt: "unix2mac"
Befehlszeilenalias hinzugefügt: "vsyasm"
Befehlszeilenalias hinzugefügt: "widl"
Befehlszeilenalias hinzugefügt: "windmc"
Befehlszeilenalias hinzugefügt: "windres"
Befehlszeilenalias hinzugefügt: "wl-build"
Befehlszeilenalias hinzugefügt: "wl-checknewreleases"
Befehlszeilenalias hinzugefügt: "wl-download"
Befehlszeilenalias hinzugefügt: "wl-edit"
Befehlszeilenalias hinzugefügt: "wl-find"
Befehlszeilenalias hinzugefügt: "wl-info"
Befehlszeilenalias hinzugefügt: "wl-install"
Befehlszeilenalias hinzugefügt: "wl-listall"
Befehlszeilenalias hinzugefügt: "wl-makepackage"
Befehlszeilenalias hinzugefügt: "wl-showdeps"
Befehlszeilenalias hinzugefügt: "wl-showstatus"
Befehlszeilenalias hinzugefügt: "wl-uninstall"
Befehlszeilenalias hinzugefügt: "wl-wait4deps"
Befehlszeilenalias hinzugefügt: "x86_64-w64-mingw32-c++"
Befehlszeilenalias hinzugefügt: "x86_64-w64-mingw32-g++"
Befehlszeilenalias hinzugefügt: "x86_64-w64-mingw32-gcc-16.2.0"
Befehlszeilenalias hinzugefügt: "x86_64-w64-mingw32-gcc-ar"
Befehlszeilenalias hinzugefügt: "x86_64-w64-mingw32-gcc-nm"
Befehlszeilenalias hinzugefügt: "x86_64-w64-mingw32-gcc-ranlib"
Befehlszeilenalias hinzugefügt: "x86_64-w64-mingw32-gcc"
Befehlszeilenalias hinzugefügt: "x86_64-w64-mingw32-gfortran"
Befehlszeilenalias hinzugefügt: "yasm"
Befehlszeilenalias hinzugefügt: "ytasm"
Erfolgreich installiert
